1 00000U 00000000 70 0.00347222 0.0000000 0000000000 00000000 0 00000
2 00000 030.0001  90.0001 0997194  90.0356 349.3535  0.00075300000000