1 00000U 00000000 97 6.96319444 0.0000000 0000000000 00000000 0 00000
2 00000 030.0097  90.0237 0000000  44.9783 360.0000 63.50726374000000