1 00000U 00000000 22117.44211806 0.0000000 0000000000 00000000 0 00000
2 00000 097.2225 168.7478 0000000  62.5413      NAN  0.00000000000000