1 00000U 00000000 22117.42134259 0.0000000 0000000000 00000000 0 00000
2 00000 097.6565 111.1174 0000000  24.2935 360.0000  0.00000000000000