1 00000U 00000000 22117.37269676 0.0000000 0000000000 00000000 0 00000
2 00000 051.6811  72.6501 0000000 116.5260 360.0000 100.86701455000000