1 00000U 00000000 22117.37269676 0.0000000 0000000000 00000000 0 00000
2 00000 051.6822 -287.3492 0029516  73.9346  10.4048  0.00112296000000