1 00000U 00000000 97 6.96180556 0.0000000 0000000000 00000000 0 00000
2 00000 062.9671 136.9255 0000000 139.7292 360.0000 14.17890596000000