1 00000U 00000000 97 6.96388889 0.0000000 0000000000 00000000 0 00000
2 00000 050.1316  58.2479 5434278  49.2316  34.2814  0.00060641000000